1789053632624	geckodriver	INFO	Listening on 127.0.0.1:56864
1789053635697	mozrunner::runner	INFO	Running command: "C:\\Program Files\\Mozilla Firefox\\firefox.exe" "--marionette" "--remote-debugging-port" "56865" "--remote-allow-hosts" "localhost" "-no-remote" "-profile" "C:\\Users\\jogis\\AppData\\Local\\Temp\\rust_mozprofile0MNSPa"
Dynamically enable window occlusion 0
1789053635891	Marionette	INFO	Marionette enabled
1789053635948	Marionette	INFO	Listening on port 56895
WebDriver BiDi listening on ws://127.0.0.1:56865
Read port: 56895
1789053636057	RemoteAgent	WARN	TLS certificate errors will be ignored for this session
[ERROR shell_windows::limited_access_features] Error generating feature token: NS_ERROR_FAILURE
[ERROR shell_windows::taskbar::shortcut] Error matching shortcut: Error { code: HRESULT(0x80004005), message: "Unspecified error" }
[ERROR shell_windows::taskbar::shortcut] Error matching shortcut: Error { code: HRESULT(0x80004005), message: "Unspecified error" }
[ERROR shell_windows::taskbar::shortcut] Error matching shortcut: Error { code: HRESULT(0x80004005), message: "Unspecified error" }
console.error: "Experiment desktop-release-rollout-show-relay-to-all-browsers-next-sign-up-modal-cta has unknown featureId: email-autocomplete-relay"
console.error: "Experiment visual-card-updates has unknown featureId: newtabRefinedCardsLayout"
console.error: "Experiment enable-nimbus-unenrollment-synchronization has unknown featureId: nimbusStore"
console.error: "Experiment private-window-visual-refresh-design-change-only has unknown featureId: feltPrivacy"
JavaScript warning: https://eu.fw-cdn.com/12979228/932572.js, line 3: unreachable code after return statement
console.error: "Experiment desktop-release-rollout-show-relay-to-all-browsers-next-sign-up-modal-cta has unknown featureId: email-autocomplete-relay"
console.error: "Experiment visual-card-updates has unknown featureId: newtabRefinedCardsLayout"
console.error: "Experiment enable-nimbus-unenrollment-synchronization has unknown featureId: nimbusStore"
console.error: "Experiment private-window-visual-refresh-design-change-only has unknown featureId: feltPrivacy"
[WARN  glean_core::upload] Attempted to enqueue a duplicate ping db2f3e24-3d44-43b7-b229-8e48e05e7630 at /submit/firefox-crashreporter/deletion-request/1/db2f3e24-3d44-43b7-b229-8e48e05e7630.
JavaScript error: resource:///modules/sessionstore/SessionStore.sys.mjs, line 2960: NotFoundError: No such JSProcessActor 'DevToolsProcess'
JavaScript error: resource:///modules/sessionstore/SessionStore.sys.mjs, line 2960: NotFoundError: No such JSProcessActor 'DevToolsProcess'
JavaScript error: resource:///modules/sessionstore/SessionStore.sys.mjs, line 2960: NotFoundError: No such JSProcessActor 'DevToolsProcess'
JavaScript error: resource:///modules/sessionstore/SessionStore.sys.mjs, line 2960: NotFoundError: No such JSProcessActor 'DevToolsProcess'
JavaScript error: resource:///modules/sessionstore/SessionStore.sys.mjs, line 2960: NotFoundError: No such JSProcessActor 'DevToolsProcess'
JavaScript error: resource:///modules/sessionstore/SessionStore.sys.mjs, line 2960: NotFoundError: No such JSProcessActor 'DevToolsProcess'
JavaScript error: resource:///modules/sessionstore/SessionStore.sys.mjs, line 2960: NotFoundError: No such JSProcessActor 'DevToolsProcess'
1789054055240	Marionette	INFO	Stopped listening on port 56895
console.error: "Error in worker resource://devtools/client/shared/source-map-loader/worker.js" ": "
JavaScript error: resource://gre/modules/PrivateBrowsingUtils.sys.mjs, line 50: TypeError: can't access property "QueryInterface", aWindow.docShell is null
Dynamically enable window occlusion 1
1789054060887	webdriver::server	INFO	Shutting down
